============================= test session starts =============================
platform win32 -- Python 3.11.3, pytest-8.1.1, pluggy-1.4.0
rootdir: C:\Users\emiem\OneDrive\Desktop\Wispeed\Branch\Wispeed\test
collected 5 items

test_app.py .....                                                        [100%]

======================== 5 passed in 211.69s (0:03:31) ========================
